// Jest Snapshot v1, https://goo.gl/fbAQLP

exports[`ProductImage debe de mostrar el componente correctamente con la imagen personalizado 1`] = `
<img
  alt="Product"
  className="productImg custom-class"
  src="http://hola.jpg"
/>
`;

exports[`ProductImage debe de mostrarel componente con la imagen del producto 1`] = `
<div
  className="productCard undefined"
>
  <img
    alt="Product"
    className="productImg undefined"
    src="./coffee-mug.png"
  />
</div>
`;
